// Vitest Snapshot v1, https://vitest.dev/guide/snapshot.html

exports[`DrinkOfTheDay > Should match snapshot 1`] = `
<DocumentFragment>
  <article
    class="drink-of-the-day-card"
    itemscope=""
    itemtype="https://schema.org/Recipe"
  >
    <meta
      content="Random Drink"
      itemprop="name"
    />
    <meta
      content="https://localhost:3000/drink/11118.jpg"
      itemprop="image"
    />
    <meta
      content="https://localhost:3000/drink/11118.jpg"
      itemprop="thumbnailUrl"
    />
    <meta
      content="Category"
      itemprop="recipeCategory"
    />
    <div
      class="drink-of-the-day-card-container"
    >
      <a
        class="link-wrapper"
        href="/drink/9118"
      >
        <h2>
          Drink of the day!
        </h2>
        <div
          class="left"
        >
          <h3>
            Random Drink
          </h3>
          <div
            class="info-container"
          >
            <p
              id="drink-of-the-day-category"
            >
              Category
            </p>
            <p
              id="drink-of-the-day-glass"
            >
              Highball
            </p>
            <p
              id="drink-of-the-day-alcoholic"
            >
              Alcoholic
            </p>
          </div>
        </div>
        <div
          class="right"
        >
          <img
            alt="Random Drink"
            src="https://localhost:3000/drink/11118.jpg/preview"
          />
        </div>
      </a>
    </div>
  </article>
</DocumentFragment>
`;
